*EXPERIMENT LIST

@# FILENAME EXT ENAME
 1 GHNY9701 PNX 1997 VARIETY X PLANTING DATE EXPERIMENT
 2 GHNY9801 PNX 1998 VARIETY X PLANTING DATE EXPERIMENT
 3 GHWA0205 PNX 2002 FUNGICIDE X PHOSPHORUS EXPT GHANA
 4 GHWA0305 PNX 2003 FUNGICIDE X PHOSPHORUS EXPT GHANA
 5 UFGA7601 PNX 1976 IRRIGATED, FLORUNNER
 6 UFGA7602 PNX 1976 FLORUNNER, IRRI+LEAFSPOT DEFOLIATIO
 7 UFGA7604 PNX 1976 SHADING STUDY - FLORUNNER
 8 UFGA7901 PNX IRRIGATED, FLORUNNER & STARR
 9 UFGA8101 PNX 1981 IRRIGATED AND RAINFED, FLORUNNER
10 UFGA8201 PNX N FERT ON NON-NOD, FLORUNNER & EARLY BUN
11 UFGA8401 PNX 1984 IRRIGATED AND RAINFED, FLORUNNER
12 UFGA8601 PNX 1986 RAINFED, FLORUNNER,GOOD VS NO DISEA
13 UFGA8602 PNX 1986 HYPOTHETICAL PEST DAMAGE
14 UFGA8701 PNX 1987 RAINFED, FLORUNNER,GOOD DISEASE CON
15 UFGA8702 PNX ROW SPACING & GEOMETRY, FLORUNNER, IRRI
16 UFGA8901 PNX 1989 RAINFED AND IRRIGATED, FLORUNNER
17 UFGA9001 PNX W-2 EIGHT CULT, SPACED PLANT PHENOLOGY
18 UFGA9002 PNX 1990 IRP, FOUR CULTIVARS
19 UFGR8501 PNX 1985 DISEASE STUDY, 4 CULTIVARS, IRRIGAT
20 UFGR8901 PNX GREEN ACRES, NEWBERRY, FL, EIGHT CVS
21 UFMA8301 PNX 1983 DISEASE STUDY, 4 CULTIVARS, IRRIGAT
