*EXPERIMENT LIST

@# FILENAME EXT ENAME
 1 CLMO8501 SBX EVANS, IRRIGATED AND NON-IRRIGATED
 2 GAGR0201 SBX GEORGIA ENVIROTRON CONTROL STUDY, 2002
 3 IUAM8801 SBX ASA 1988 STUDY, WILLIAMS-82 & ELGIN-87
 4 IUAM9001 SBX ASA 1990 STUDY, WILLIAMS-82 & ELGIN-87
 5 IUAM9701 SBX SWINE RES. FARM (ARMSTRON), IA. SOYBEAN 
 6 IUAM9702 SBX SORENSON FARM (NEAR AMES), SOYBEAN POT. 
 7 IUCA7901 SBX WAYNE, IRRIGATED & NON-IRRIGATED
 8 IUCA7902 SBX WAYNE, PT VS PEN, MODIFIED SOIL (KJB),OM
 9 LUGO9102 SBX SOJA, MAJOR, LABRADOR RAINFED 91
10 LUGO9301 SBX SOJA, MAJOR, LABRADOR  1993
11 LUGO9302 SBX SOJA, MAJOR, LABRADOR RAINFED 93
12 LUGO9501 SBX SOJA, REGADIO, FECHAS DE SIEMBRA, 1995
13 LUGO9502 SBX SOJA, MAJOR, LABRADOR RAINFED 95
14 LUGO9801 SBX SOJA, REGADIO, FECHAS DE SIEMBRA, 1998
15 LUGO9802 SBX SOJA, MAJOR, LABRADOR RAINFED 98
16 NCCL8801 SBX WILKERSON, NORTH CAROLINA
17 NCRM8701 SBX WILKERSON, NORTH CAROLINA
18 OHWO8801 SBX ASA 1988 STUDY, WILLIAMS-82, IRRIGATED
19 OHWO9001 SBX ASA 1990 STUDY, WILLIAMS-82, IRRIGATED
20 UCEA7701 SBX 3 CULTIVARS, MUST HAVE W AND N "OFF"
21 UCEA7801 SBX 3 CULTIVARS, MUST HAVE W AND N "OFF"
22 UFGA7601 SBX BRAGG,1976,EQUIDIST
23 UFGA7801 SBX BRAGG, IRRIGATED & NON-IRRIGATED
24 UFGA7802 SBX BRAGG, IRR*INSECT DAMAGE
25 UFGA7901 SBX IRRIGATION, 1979, THREE WATER LEVELS
26 UFGA7902 SBX IRRIGATION - WILLIAMS
27 UFGA8101 SBX COBB, IRRIGATED, VEG. & REPROD. STRESS
28 UFGA8401 SBX BRAGG, IRRIGATED & NON-IRRIGATED
29 UFGA8501 SBX COBB, IRR & NON-IRR, RKN (IRR & NON-IRR)
30 UFGA8701 SBX ROW SPACING & GEOMETRY, COBB, IRRIGATED
31 UFGW8801 SBX CRAWFORD, IRRIG LEFLORE, GREENWOOD
32 UFGW8901 SBX CRAWFORD, IRRIG LEFLORE, GREENWOOD
33 UFQU7901 SBX SOYBEAN, NO PEST DAMAGE
34 UFQU7902 SBX BRAGG, DEFOLIATION STUDY
