*CULTIVAR LIST

@#   FILENAME EXT FILE HEADING
   1 BACER046 CUL CULTIVARS:BACER046.280513   Last edit:060613 
   2 BACRP046 CUL CULTIVARS:BACRP046.051213   Last edit:060613 
   3 BHGRO046 CUL BAHIA GENOTYPE COEFFICIENTS: CRGRO046 Model
   4 BMGRO046 CUL BERMUDAGRASS GENOTYPE COEFFICIENTS: CRGRO046 Model 
   5 BNGRO046 CUL DRYBEAN GENOTYPE COEFFICIENTS: CRGRO046 MODEL
   6 BRGRO046 CUL BRACHIARIA DECUMBENS CULTIVAR COEFFICIENTS: CRGRO046 MODEL
   7 CBGRO046 CUL CABBAGE GENOTYPE COEFFICIENTS: CBGRO046 MODEL
   8 CHGRO046 CUL CHICKPEA CULTIVAR COEFFICIENTS: CRGRO046 MODEL
   9 CNGRO046 CUL Canola GENOTYPE COEFFICIENTS: CRGRO045 MODEL
  10 COGRO046 CUL COTTON CULTIVAR COEFFICIENTS: CRGRO046 MODEL
  11 CPGRO046 CUL COWPEA GENOTYPE COEFFICIENTS: CRGRO046 MODEL
  12 CRGRO046 CUL COWPEA CULTIVAR COEFFICIENTS: CRGRO046 MODEL
  13 CSCAS046 CUL CULTIVARS:CSCAS046.280513   Last edit:010513 
  14 FBGRO046 CUL FABA BEAN GENOTYPE COEFFICIENTS: CRGRO046 MODEL
  15 G0GRO046 CUL BAHIA GENOTYPE COEFFICIENTS: CRGRO046 Model
  16 GBGRO046 CUL GREENBEAN GENOTYPE COEFFICIENTS: CRGRO046 MODEL
  17 MLCER046 CUL MILLET CULTIVAR COEFFICIENTS: GECER046 MODEL
  18 MZCER046 CUL MAIZE CULTIVAR COEFFICIENTS: MZCER046 MODEL
  19 MZIXM046 CUL MAIZE CULTIVAR COEFFICIENTS: MZIXM046 MODEL
  20 PIALO980 CUL GENETICS PARAMETER INPUT FILE - PINEAPPLE GENOTYPE COEFFICIENTS
  21 PNGRO046 CUL PEANUT CULTIVAR COEFFICIENTS: CRGRO046 MODEL
  22 PPGRO046 CUL PIGEONPEA GENOTYPE COEFFICIENTS: CRGRO046 MODEL                         24.21  
  23 PRGRO046 CUL PEPPER GENOTYPE COEFFICIENTS: CRGRO046 MODEL
  24 PTSUB046 CUL POTATO CULTIVAR COEFFICIENTS: PTSUB046 MODEL
  25 RICER046 CUL RICE GENOTYPE COEFFICIENTS: RICER046 MODEL
  26 RIORZ046 CUL RICE GENOTYPE COEFFICIENTS: RIORZ045 MODEL
  27 SALUS046 CUL GENERIC SALUS MODEL PARAMETERS: SALUS046 MODEL
  28 SBGRO046 CUL SOYBEAN GENOTYPE COEFFICIENTS: CRGRO046 MODEL
  29 SCCAN046 CUL   SUGARCANE model cultivar file     
  30 SCCSP046 CUL SUGARCANE GENOTYPE COEFFICIENTS - SCCSP046 MODEL (CASUPRO)
  31 SGCER046 CUL SORGHUM CULTIVAR COEFFICIENTS: SGCER046 MODEL
  32 SUOIL980 CUL SUNFLOWER GENOTYPE COEFFICIENTS - SUOIL980 MODEL
  33 SWCER046 CUL SWEET CORN CULTIVAR COEFFICIENTS: SWCER046 MODEL
  34 TMGRO046 CUL TOMATO CULTIVAR COEFFICIENTS: CRGRO046 MODEL
  35 TNARO046 CUL TANIER CULTIVAR COEFFICIENTS: TRARO046 MODEL
  36 TRARO046 CUL TARO CULTIVAR COEFFICIENTS: TRARO046 MODEL
  37 VBGRO046 CUL VELVETBEAN CULTIVAR COEFFICIENTS: CRGRO046 MODEL
  38 WHCER046 CUL CULTIVARS:WHCER046.280513   Last edit:060613 
  39 WHCRP046 CUL CULTIVARS:WHCRP046.051213   Last edit:051213 
