*ECOTYPE LIST

@#   FILENAME EXT FILE HEADING
   1 BACER046 ECO ECOTYPES:BACER046.280513   Last edit:060613 
   2 BACRP046 ECO ECOTYPES:BACRP046.051213   Last edit:060613 
   3 BHGRO046 ECO BAHIA ECOTYPE COEFFICIENTS: CRGRO046 Model 
   4 BMGRO046 ECO BERMUDAGRASS ECOTYPE COEFFICIENTS: CRGRO046 MODEL 
   5 BNGRO046 ECO DRYBEAN ECOTYPE COEFFICIENTS: CRGRO046 MODEL
   6 BRGRO046 ECO BRACHIARIA DECUMBENS ECOTYPE COEFFICIENTS: CRGRO046 MODEL
   7 CBGRO046 ECO CABBAGE ECOTYPE COEFFICIENTS: CRGRO046 MODEL
   8 CHGRO046 ECO CHICKPEA ECOTYPE COEFFICIENTS: CRGRO046 MODEL
   9 CNGRO046 ECO Canola ECOTYPE COEFFICIENTS: CRGRO045 MODEL
  10 COGRO046 ECO COTTON ECOTYPE COEFFICIENTS - CRGRO046 MODEL
  11 CPGRO046 ECO COWPEA ECOTYPE COEFFICIENTS: CRGRO046 MODEL
  12 CSCAS046 ECO ECOTYPES:CSCAS046.280513   Last edit:270413 
  13 FBGRO046 ECO FABA BEAN ECOTYPE COEFFICIENTS: CRGRO046 MODEL
  14 G0GRO046 ECO BAHIA ECOTYPE COEFFICIENTS: CRGRO046 Model 
  15 GBGRO046 ECO GREENBEAN ECOTYPE COEFFICIENTS: CRGRO046 MODEL
  16 MLCER046 ECO MILLET ECOTYPE COEFFICIENTS: GECER046 MODEL
  17 MZCER046 ECO MAIZE ECOTYPE COEFFICIENTS: GECER046 MODEL
  18 MZIXM046 ECO MAIZE ECOTYPE COEFFICIENTS: MZIXM046 MODEL
  19 PNGRO046 ECO PEANUT ECOTYPE COEFFICIENTS: CRGRO046 MODEL
  20 PPGRO046 ECO PIGEONPEA ECOTYPE COEFFICIENTS: CRGRO046 MODEL                                 
  21 PRGRO046 ECO PEPPER ECOTYPE COEFFICIENTS: CRGRO046 MODEL
  22 PTSUB046 ECO POTATO ECOTYPE COEFFICIENTS: PTSUB046 MODEL
  23 SBGRO046 ECO SOYBEAN ECOTYPE COEFFICIENTS: CRGRO046 MODEL
  24 SCCAN046 ECO SUGARCANE GENOTYPE COEFFICIENTS - SCCAN046 MODEL
  25 SCCSP046 ECO SUGARCANE ECOTYPE COEFFICIENTS - SCCSP046 MODEL
  26 SGCER046 ECO SORGHUM ECOTYPE COEFFICIENTS: SGCER046 MODEL
  27 SWCER046 ECO SWEET CORN ECOTYPE COEFFICIENTS: SWCER046 MODEL
  28 TMGRO046 ECO TOMATO ECOTYPE COEFFICIENTS: CRGRO046 MODEL
  29 VBGRO046 ECO VELVETBEAN ECOTYPE COEFFICIENTS: CRGRO046 MODEL
  30 WHCER046 ECO ECOTYPES:WHCER046.280513   Last edit:060613 
  31 WHCRP046 ECO ECOTYPES:WHCRP046.051213   Last edit:051213 
